   WARNING: vars.sh does not set up dependencies when invoked directly. Please perform environment setup for UMF before running DPC++ applications.
[0] MPI startup(): PMI API: pmi2
[0] MPI startup(): Intel(R) MPI Library, Version 2021.18.1  Build 20260626 (id: b44796a)
[0] MPI startup(): Copyright (C) 2003-2026 Intel Corporation.  All rights reserved.
[0] MPI startup(): library kind: release
[0] MPI startup(): libfabric version: 2.4.0-impi
[0] MPI startup(): libfabric provider: verbs;ofi_rxm
[0] MPI startup(): File "/opt/intel/oneapi/mpi/2021.18/opt/mpi/etc/tuning_generic_ofi_verbs-ofi-rxm.dat" not found
[0] MPI startup(): Load tuning file: "/opt/intel/oneapi/mpi/2021.18/opt/mpi/etc/tuning_generic_ofi.dat"
[0] MPI startup(): Number of NICs:  1 
[0] MPI startup(): ===== NIC pinning on wcoss3-compute-01 =====
[0] MPI startup(): Rank    Thread id  Pin nic
[0] MPI startup(): 0       0          irdma0
[0] MPI startup(): ===== CPU pinning =====
[0] MPI startup(): Rank    Pid      Node name          Pin cpu
[0] MPI startup(): 0       3475777  wcoss3-compute-01  {0}
[0] MPI startup(): 1       1008174  wcoss3-compute-02  {0}
[0] MPI startup(): I_MPI_ROOT=/opt/intel/oneapi/mpi/2021.18
[0] MPI startup(): I_MPI_HYDRA_BOOTSTRAP_EXEC_EXTRA_ARGS=--external-launcher
[0] MPI startup(): I_MPI_HYDRA_BOOTSTRAP=slurm
[0] MPI startup(): I_MPI_PIN=1
[0] MPI startup(): I_MPI_PIN_PROCESSOR_LIST=0
[0] MPI startup(): I_MPI_PIN_DOMAIN=core
[0] MPI startup(): I_MPI_FABRICS=ofi
[0] MPI startup(): I_MPI_WAIT_MODE=0
[0] MPI startup(): I_MPI_ASYNC_PROGRESS=0
[0] MPI startup(): I_MPI_DEBUG=5
[0] MPI startup(): I_MPI_PMI_LIBRARY=/usr/lib64/libpmi2.so
[0] MPI startup(): I_MPI_PMI=pmi2

# OSU MPI Latency Test v7.5.2
# Datatype: MPI_CHAR.
# Size       Avg Latency(us)
1                       4.30
2                       4.30
4                       4.30
8                       4.23
16                      4.15
32                      4.22
64                      4.38
128                     4.40
256                     4.89
512                     4.94
1024                    5.05
2048                    5.31
4096                    5.97
8192                    6.75
16384                   7.30
32768                   8.91
65536                  11.79
131072                 17.40
262144                 28.60
524288                 50.93
1048576                95.41
2097152               184.20
4194304               361.98
